// Jest Snapshot v1, https://goo.gl/fbAQLP

exports[`AppRout should render my component 1`] = `ShallowWrapper {}`;
