// Jest Snapshot v1, https://goo.gl/fbAQLP

exports[`Main should render my right side menu link page 1`] = `ShallowWrapper {}`;
